{
  "chain_name": "\no򱴷I",
  "timestamp": 8836252881002002716,
  "network_version": 21,
  "base_fee": "233190426837385100230478478414916764536",
  "power_scale": 3,
  "validators": [
    {
      "public_key": "BBuxJQSai1MKz4AFBfwnTffhcY/dIgBwM10vbDgNxDoRLOIEq8fvtoTm/U4b5HHKfoLqPl54xvuwiRpMAzvq49E=",
      "power": "34392901006533547",
      "storage_amount": 1
    },
    {
      "public_key": "BJ8mD17adAP7Nx0aQ7gowgVc0L9Yiuf5uF9m+jg0WfcmrH2GegNdQUVXgjdaSLHkMRB6dg24WghjBcPS+rRvKHc=",
      "power": "340282366920938463447494336815055581747",
      "storage_amount": 1
    },
    {
      "public_key": "BAepAZQOncJqNl0uFzj9s3GBHhQEbGiDc86j4RoojDWBZXK5cRVVP7pnMDIAc+dLRMbWqtlJJLLBO6kAS0VRvuY=",
      "power": "120419661876195549651168911980395929822",
      "storage_amount": 1
    },
    {
      "public_key": "BKKl63oTmYUi0663cMGxprweY75rKw93hP/v7NMQXypU/d6s7E9AAJ8FZ2PMiyVI7Xvde+5kLkKPlYqHMoscgos=",
      "power": "105101577579019307366479084343437480710",
      "storage_amount": 1
    },
    {
      "public_key": "BOUSLLzU2qYbdHxkNpADBXmvvERT99o3YRTyAVqCXBE2BtZrV+CPWmY5JszW2OgTfMjYM8LwEG99+wI1927S4TU=",
      "power": "0",
      "storage_amount": 1
    },
    {
      "public_key": "BILyu6fw7izlp7S+B7m73Py1D9izCHUJpv2ycY81obJXVfBiTqrgjZjNbrzn+lbfw8Bf8dDk3jqKBiqw6tQT9K4=",
      "power": "285134683920957010821112253515779833322",
      "storage_amount": 1
    },
    {
      "public_key": "BOEil4tKze0Anf/bK77hH7hA62iYb4sJyPoOROaH6LtmlImP5myHgWhKTDTBKv4gXxgphT5h1cTZAUMXAaNnYrs=",
      "power": "9714213735534594003",
      "storage_amount": 1
    },
    {
      "public_key": "BFj69W63W6A8fez9PpcXGS0C9R2pny8BRHcpdUPACSEj1HPmYENg2fXxPZpIwAqdP5RofznFPv94XZa3+/ALgHI=",
      "power": "48075123553357273461397118391333255580",
      "storage_amount": 1
    },
    {
      "public_key": "BNGlfYI9tLKVgRBu0p0tA0xPsA39mql78/tA9xvPqVHQXAQPmb08EPpvbLfXbEZ2rfOyLEKfpYIrEAxhJGZ0OfM=",
      "power": "197107823632099606625957937517978527220",
      "storage_amount": 1
    },
    {
      "public_key": "BHcHF1BOgvi8Rn9zNu9HfMNYjUCadawQFrJY7Bd8Dicw91A2K+5NpNxF2Kw7zhp2440n5xlJIrQQh5pJRN4FOw0=",
      "power": "275593722504010760634087118950134562331",
      "storage_amount": 1
    }
  ],
  "accounts": [
    {
      "meta": {
        "Account": {
          "owner": "f1soaoxyic47lalv46xatojyfjevylyrkw6p2u7fy"
        }
      },
      "balance": "0"
    },
    {
      "meta": {
        "Account": {
          "owner": "f1eklc2n5fjjbnqr2q33t2jksgoyd6pvvmnvxau2a"
        }
      },
      "balance": "20911471362243573508878681372484936878"
    },
    {
      "meta": {
        "Account": {
          "owner": "f410f47dfwajzoexiieni3gohfbvnplzl4tdvdk6utey"
        }
      },
      "balance": "0"
    }
  ],
  "eam_permission_mode": {
    "mode": "unrestricted"
  },
  "credit_debit_interval": 2152946249778627452,
  "blob_storage_capacity": 9418558063388157743,
  "blob_debit_rate": 6879761206105050937
}