Genesis { chain_name: "£8ª:\u{10}7", timestamp: Timestamp(18446744073709551615), network_version: NetworkVersion(21), base_fee: TokenAmount(206715443523488386537.230819080108519018), power_scale: -1, validators: [Validator { public_key: ValidatorKey(PublicKey(Affine { x: Field { n: [44156279, 1717704, 44104866, 28799338, 18358098, 27018883, 42534452, 51819180, 62072202, 834354], magnitude: 1, normalized: true }, y: Field { n: [207105, 46679482, 66417992, 10321856, 42989297, 14484749, 66283418, 28220503, 8214462, 1623067], magnitude: 1, normalized: true }, infinity: false })), power: Collateral(TokenAmount(303325574980953745306.008851209962443234)) }, Validator { public_key: ValidatorKey(PublicKey(Affine { x: Field { n: [53468824, 20608388, 21638569, 4773502, 42361074, 20535445, 23387162, 43528170, 57811623, 1147777], magnitude: 1, normalized: true }, y: Field { n: [37243595, 54892893, 53528510, 37312491, 25151692, 58340642, 25021791, 38025425, 65708472, 4035825], magnitude: 1, normalized: true }, infinity: false })), power: Collateral(TokenAmount(32356985823244719504.501002195865414311)) }, Validator { public_key: ValidatorKey(PublicKey(Affine { x: Field { n: [49367168, 28045997, 26977912, 1938774, 21401103, 57512425, 58728952, 28059766, 57881312, 460302], magnitude: 1, normalized: true }, y: Field { n: [32028021, 9498944, 38256477, 27865961, 14614442, 47750002, 14025368, 33956046, 66281030, 316192], magnitude: 1, normalized: true }, infinity: false })), power: Collateral(TokenAmount(244290736666970599622.291731485906421686)) }, Validator { public_key: ValidatorKey(PublicKey(Affine { x: Field { n: [45290215, 48177754, 58931623, 35736489, 41883825, 16592394, 30758348, 22326206, 64530341, 494716], magnitude: 1, normalized: true }, y: Field { n: [55918625, 4865186, 17172419, 58445949, 55570131, 42987359, 8396276, 44372048, 6947304, 651432], magnitude: 1, normalized: true }, infinity: false })), power: Collateral(TokenAmount(297888251404054690281.419821368796495567)) }, Validator { public_key: ValidatorKey(PublicKey(Affine { x: Field { n: [31814212, 35592018, 26352839, 2775441, 37518004, 57533290, 58488457, 48017012, 28213241, 2848139], magnitude: 1, normalized: true }, y: Field { n: [66863309, 49763957, 65977472, 52673370, 34755900, 28300365, 28541445, 55373962, 44080060, 1951311], magnitude: 1, normalized: true }, infinity: false })), power: Collateral(TokenAmount(229568009195022381646.429724922877450553)) }, Validator { public_key: ValidatorKey(PublicKey(Affine { x: Field { n: [65135202, 18844397, 4183983, 47740234, 15409770, 43355391, 15688365, 58839861, 17030588, 1478760], magnitude: 1, normalized: true }, y: Field { n: [40570384, 29469665, 55120623, 41756677, 6537162, 38687901, 41771641, 31211500, 28097511, 2553330], magnitude: 1, normalized: true }, infinity: false })), power: Collateral(TokenAmount(231192530022756047610.227408051952653179)) }, Validator { public_key: ValidatorKey(PublicKey(Affine { x: Field { n: [6002708, 49014464, 44857200, 2710601, 55525374, 13280299, 43809030, 13483951, 43835458, 4066936], magnitude: 1, normalized: true }, y: Field { n: [14027182, 36653101, 19126851, 50960566, 3976935, 48415684, 64012162, 51482119, 63929491, 4020915], magnitude: 1, normalized: true }, infinity: false })), power: Collateral(TokenAmount(336487194075941060548.912060998276072018)) }, Validator { public_key: ValidatorKey(PublicKey(Affine { x: Field { n: [8868547, 28497556, 32655121, 19315190, 55415287, 47402184, 35477540, 1326013, 39952755, 171215], magnitude: 1, normalized: true }, y: Field { n: [49097714, 63258800, 66519468, 7269367, 48998301, 63453045, 60729017, 2538490, 6614353, 1352375], magnitude: 1, normalized: true }, infinity: false })), power: Collateral(TokenAmount(89381261314251159243.797459204060737139)) }], accounts: [Actor { meta: Multisig(Multisig { signers: [SignerAddr(Address("f12pu7qlettxeh5tjuhewfgtifogrkrpssxyzplky")), SignerAddr(Address("f132xpgthqikcqneykr4heht2iaprod2kjitxtyca")), SignerAddr(Address("f17j6ivxhbm55joadxdy3jh3n2257m5brz7t2xyta")), SignerAddr(Address("f1gzaio3ps6qwen2sbpvsagkiuawbt5oxvnloudei")), SignerAddr(Address("f1wb7gwfpeix27qu5bzhtgchlvju4xduywn4gw5wy"))], threshold: 4, vesting_duration: 8127604713015919387, vesting_start: 5533246971525860554 }), balance: TokenAmount(250106169405422123534.78601282712386697) }, Actor { meta: Multisig(Multisig { signers: [SignerAddr(Address("f1ktk65pcx7rs54rvbocg2v3wyrjiuevuxuboanya")), SignerAddr(Address("f123ffy5fvkemkdtnwxiqocp5tzcic7kwp4epkw7i")), SignerAddr(Address("f166pbupe6xrp2cogr3cazfjpxupnwawm3n3p774q"))], threshold: 3, vesting_duration: 12962550561033204268, vesting_start: 1369547566886991461 }), balance: TokenAmount(187510736322197372537.468316477761823186) }, Actor { meta: Account(Account { owner: SignerAddr(Address("f1dazdpyd4ya7onif43cchi336xjfbhqzm6icpjni")) }), balance: TokenAmount(340282366920938463459.420509969765924203) }, Actor { meta: Account(Account { owner: SignerAddr(Address("f1if37puttqh5diiytkumiwmxujljh2dnpljoxw3a")) }), balance: TokenAmount(248826851270388705167.527064850360340576) }, Actor { meta: Account(Account { owner: SignerAddr(Address("f410fwcwyibnwkm2t3upvi3uxw6hj2ggk67buarotekq")) }), balance: TokenAmount(194953516707622255587.299584545344597629) }], eam_permission_mode: Unrestricted, ipc: Some(IpcParams { gateway: GatewayParams { subnet_id: SubnetID { root: 0, children: [] }, bottom_up_check_period: 5047410911354832481, majority_percentage: 51, active_validators_limit: 18 } }), credit_debit_interval: -8694573588049913706, blob_storage_capacity: 15066820184395436606, blob_debit_rate: 1 }