{
  "state_root": "QmSfynLXc3hVoymJR3h4y98YqwZU5bxmkLW5QbQDnQuXZ4",
  "timestamp": 18062335451835558544,
  "network_version": 21,
  "base_fee": "114365631383948504394152953508281095242",
  "circ_supply": "221816560478884220562246532055355643803",
  "chain_id": 644217821032209,
  "power_scale": 3,
  "app_version": 2,
  "credit_debit_interval": 8363747058074652626,
  "blob_storage_capacity": 12273638749766864234
}