FvmStateParams { state_root: Cid(QmSfynLXc3hVoymJR3h4y98YqwZU5bxmkLW5QbQDnQuXZ4), timestamp: Timestamp(18062335451835558544), network_version: NetworkVersion(21), base_fee: TokenAmount(114365631383948504394.152953508281095242), circ_supply: TokenAmount(221816560478884220562.246532055355643803), chain_id: 644217821032209, power_scale: 3, app_version: 2, credit_debit_interval: 8363747058074652626, blob_storage_capacity: 12273638749766864234 }