SnapshotManifest { block_height: 4294967295, size: 11688690830716484270, chunks: 2282875143, checksum: Hash::Sha256(7B00623FC45AD9517EE9756C0078532F2209E21C9AEA00B02B58397889682D4F), state_params: FvmStateParams { state_root: Cid(bafhuybpnylclrea), timestamp: Timestamp(18446744073709551615), network_version: NetworkVersion(4294967295), base_fee: TokenAmount(302902023173884324277.902684861920654609), circ_supply: TokenAmount(338038898306403012386.838857616742352201), chain_id: 3505107646215776, power_scale: 0, app_version: 0, credit_debit_interval: 0, blob_storage_capacity: 14678134907771166311 }, version: 1989580210 }