Genesis { chain_name: "|Â§g+", timestamp: Timestamp(0), network_version: NetworkVersion(21), base_fee: TokenAmount(189461843534858307916.482632770341692614), power_scale: -1, validators: [Validator { public_key: ValidatorKey(PublicKey(Affine { x: Field { n: [4485009, 5416187, 56848446, 17066335, 16284153, 53776980, 87677, 40540094, 1583036, 3472921], magnitude: 1, normalized: true }, y: Field { n: [34831248, 36405131, 64062636, 13475315, 58646946, 47998800, 20062446, 59228592, 14517123, 2618572], magnitude: 1, normalized: true }, infinity: false })), power: Collateral(TokenAmount(2.366032904481779592)), storage_amount: StorageAmount(18446744073709551615) }, Validator { public_key: ValidatorKey(PublicKey(Affine { x: Field { n: [33539766, 48329374, 27373465, 34565857, 14128906, 45618629, 14840662, 26997123, 47926680, 869650], magnitude: 1, normalized: true }, y: Field { n: [21083875, 30491234, 24780259, 64809623, 49827601, 52548183, 57567312, 44247355, 22003466, 694850], magnitude: 1, normalized: true }, infinity: false })), power: Collateral(TokenAmount(33402309027742444856.580864060816671774)), storage_amount: StorageAmount(4792976722866945784) }, Validator { public_key: ValidatorKey(PublicKey(Affine { x: Field { n: [56890155, 6010310, 22626931, 18761020, 7908911, 10686543, 19135582, 11084103, 53578290, 1413088], magnitude: 1, normalized: true }, y: Field { n: [62014382, 45100136, 8562573, 17310840, 66027161, 38822789, 34708535, 31376300, 34708335, 3968604], magnitude: 1, normalized: true }, infinity: false })), power: Collateral(TokenAmount(50314808567090597485.257437776254110747)), storage_amount: StorageAmount(10609078715751168439) }, Validator { public_key: ValidatorKey(PublicKey(Affine { x: Field { n: [18847177, 39626488, 20580588, 23671653, 41157855, 31786714, 49740566, 3114425, 55356202, 1033955], magnitude: 1, normalized: true }, y: Field { n: [8192919, 46758109, 54692158, 8078533, 7961411, 57985533, 7046018, 41786678, 42429671, 1027589], magnitude: 1, normalized: true }, infinity: false })), power: Collateral(TokenAmount(80248327850235883239.650499776769872597)), storage_amount: StorageAmount(3479662281173836598) }, Validator { public_key: ValidatorKey(PublicKey(Affine { x: Field { n: [34116959, 20336470, 48491117, 26536114, 63032909, 66194576, 35828256, 19369699, 45935101, 2471248], magnitude: 1, normalized: true }, y: Field { n: [3110336, 58311171, 13331212, 25283902, 62140424, 27599900, 47516711, 8855654, 48249509, 3852046], magnitude: 1, normalized: true }, infinity: false })), power: Collateral(TokenAmount(317724276936796978933.962464497539651364)), storage_amount: StorageAmount(16380840811972698339) }, Validator { public_key: ValidatorKey(PublicKey(Affine { x: Field { n: [5055992, 17481224, 29006023, 19180104, 790533, 5027529, 18539249, 11755712, 13195923, 222906], magnitude: 1, normalized: true }, y: Field { n: [40279912, 58437293, 644455, 22378959, 44066964, 6270930, 15256472, 15870305, 33511620, 2277231], magnitude: 1, normalized: true }, infinity: false })), power: Collateral(TokenAmount(285345866821275530669.209387609108140999)), storage_amount: StorageAmount(5068252686499572034) }, Validator { public_key: ValidatorKey(PublicKey(Affine { x: Field { n: [6124030, 35105459, 40500481, 37784285, 28669325, 13759959, 35585849, 38839331, 24375908, 2246837], magnitude: 1, normalized: true }, y: Field { n: [4265851, 17877579, 29146878, 4053907, 15647791, 12503097, 39785928, 54704172, 18705295, 2007902], magnitude: 1, normalized: true }, infinity: false })), power: Collateral(TokenAmount(221124458842684725296.451267019777402961)), storage_amount: StorageAmount(5711837989950883451) }, Validator { public_key: ValidatorKey(PublicKey(Affine { x: Field { n: [25392743, 52819067, 969528, 62356642, 66980663, 62379296, 23569373, 61089781, 45090728, 2018536], magnitude: 1, normalized: true }, y: Field { n: [7605798, 958733, 25442208, 65891734, 11781394, 58330833, 6760367, 6033248, 55452881, 2410491], magnitude: 1, normalized: true }, infinity: false })), power: Collateral(TokenAmount(315850437917585148857.830390091962852722)), storage_amount: StorageAmount(0) }, Validator { public_key: ValidatorKey(PublicKey(Affine { x: Field { n: [38992849, 51482374, 1717074, 13874494, 2646425, 49633366, 516131, 50904874, 39501, 3689915], magnitude: 1, normalized: true }, y: Field { n: [30632371, 12950553, 12714691, 49436648, 12596179, 15725207, 6921011, 14975168, 29870073, 3085086], magnitude: 1, normalized: true }, infinity: false })), power: Collateral(TokenAmount(254053005837357463442.549747876184665503)), storage_amount: StorageAmount(16016544296784213146) }, Validator { public_key: ValidatorKey(PublicKey(Affine { x: Field { n: [8022135, 32601620, 22464310, 2042954, 21719972, 45726960, 65126344, 58746023, 36305595, 864260], magnitude: 1, normalized: true }, y: Field { n: [12434922, 23076040, 9315701, 61552281, 11513678, 57110960, 63441872, 639341, 21297049, 1742243], magnitude: 1, normalized: true }, infinity: false })), power: Collateral(TokenAmount(264578674169317805441.853830822618302624)), storage_amount: StorageAmount(13634976364025603614) }], accounts: [Actor { meta: Multisig(Multisig { signers: [SignerAddr(Address("f1spzmpfrqv62ljs6hz2hp7vyqfp4bccdl4lujoqi")), SignerAddr(Address("f1jsg2zs35ov7vssjueeukah2ckyfb2s6dtvbatza")), SignerAddr(Address("f1sguuavgkjaaolluyi4vsiwluqnqx4mc6a5alwby")), SignerAddr(Address("f177b2faxodzlbj7vejosse7jmlnbwlgr7mka5lri")), SignerAddr(Address("f1m2t4qkdu44rtjpjbdhjcst65m6z5kzyksecek6i"))], threshold: 5, vesting_duration: 1520435581414369635, vesting_start: 1895894234361383825 }), balance: TokenAmount(0.0) }, Actor { meta: Account(Account { owner: SignerAddr(Address("f1wbuaoefdcucfnltw7dlu6zhpwjsdks5xzjmyxyy")) }), balance: TokenAmount(309803028523845988948.688478674194202572) }, Actor { meta: Account(Account { owner: SignerAddr(Address("f1c3edokutvxtrpu3uapfmbkj5t2bpoqm5qwx5tji")) }), balance: TokenAmount(31321177788451776357.618988345927530891) }, Actor { meta: Account(Account { owner: SignerAddr(Address("f1dakkobvyr54wfk3gy3uwwotgpjrhpxzjjnpxeeq")) }), balance: TokenAmount(119524157638567625240.367847145032866725) }], eam_permission_mode: Unrestricted, ipc: Some(IpcParams { gateway: GatewayParams { subnet_id: SubnetID { root: 4671814002884892079, children: [] }, bottom_up_check_period: 74963100089571348, majority_percentage: 78, active_validators_limit: 64 } }) }