SnapshotManifest { block_height: 2135065121, size: 6750771696864281872, chunks: 1, checksum: Hash::Sha256(052DC0FA24FF3782762887EC767CB0505E37BF293F00013F24FFFB38753817C2), state_params: FvmStateParams { state_root: Cid(bae4hypg22bdk264hdk6cwrzi2h462vrvy3y4kxywm47voqhb7daqc7adtezfqhpzbuemrzwduaztsiu5oxwxqfex4it7gkfuyq3xd2y), timestamp: Timestamp(5872502315685614306), network_version: NetworkVersion(4294967295), base_fee: TokenAmount(228331560438826069566.880344500051831669), circ_supply: TokenAmount(128337858285462764782.342310775649935516), chain_id: 1670081249155243, power_scale: 0, app_version: 0, credit_debit_interval: 0, blob_storage_capacity: 15227326765965419201 }, version: 3502850281 }