FvmStateParams { state_root: Cid(baefu6pnckxkc2pfvudz7kh42s6ytloezchw46c7pw2gfse2ijdqyfvdjcggtzu53ti7go3rnqousjbxpegwsd7fvwfqxb54jfv4wru4w), timestamp: Timestamp(602318392068688146), network_version: NetworkVersion(21), base_fee: TokenAmount(197808657939143659522.945146500821954111), circ_supply: TokenAmount(36369703464803948641.723489677418686092), chain_id: 0, power_scale: 0, app_version: 0, credit_debit_interval: -1749988421234107558, blob_storage_capacity: 8098321865299554817 }